------------------------------------------------------------
Timing Analyzer Summary
------------------------------------------------------------

Type  : Slow 1200mV 85C Model Setup 'input_vector[1]'
Slack : -7.798
TNS   : -5327.796

Type  : Slow 1200mV 85C Model Hold 'input_vector[1]'
Slack : 0.288
TNS   : 0.000

Type  : Slow 1200mV 85C Model Minimum Pulse Width 'input_vector[1]'
Slack : -3.901
TNS   : -2027.889

Type  : Slow 1200mV 0C Model Setup 'input_vector[1]'
Slack : -7.240
TNS   : -4998.581

Type  : Slow 1200mV 0C Model Hold 'input_vector[1]'
Slack : 0.260
TNS   : 0.000

Type  : Slow 1200mV 0C Model Minimum Pulse Width 'input_vector[1]'
Slack : -3.901
TNS   : -2027.889

Type  : Fast 1200mV 0C Model Setup 'input_vector[1]'
Slack : -2.357
TNS   : -1542.652

Type  : Fast 1200mV 0C Model Hold 'input_vector[1]'
Slack : 0.098
TNS   : 0.000

Type  : Fast 1200mV 0C Model Minimum Pulse Width 'input_vector[1]'
Slack : -3.000
TNS   : -1392.830

------------------------------------------------------------
